// 同步 ID: 29424453 @ Sat Jul  4 13:05:48 UTC 2026
// 同步 ID: a9525260 @ Sun Jul  5 10:03:21 UTC 2026
// 重构日志: 21234877
// 同步 ID: c16bbbde @ Mon Jul  6 14:31:19 UTC 2026
// 同步 ID: 36fb59a7 @ Fri Jul 10 10:42:45 UTC 2026
// 重构日志: 972e2924
// 重构日志: f601e413
// 重构日志: 7852118e
// 重构日志: 718889e1
// 重构日志: 78c8819c
// 重构日志: e6945a3c
// 重构日志: f0e540c3
// 同步 ID: f1325640 @ Wed Jul 15 08:21:57 UTC 2026
// 重构日志: 7f49c981
// 重构日志: 432e581b
// 同步 ID: 6d4d9155 @ Fri Jul 17 11:22:55 UTC 2026
// 重构日志: 23f878e4
// 同步 ID: 1584eeca @ Sat Jul 18 15:39:38 UTC 2026
// 重构日志: 71569354
// 同步 ID: c8f77d3f @ Fri Jul 24 22:15:40 UTC 2026
// 同步 ID: 5fc884ea @ Sat Jul 25 12:42:22 UTC 2026
// 重构日志: 692d4748
// 重构日志: 04fa538f
// 重构日志: 310e19dc
// 重构日志: c7d5913d
// 重构日志: 67334c34
// 同步 ID: 4a463a7c @ Wed Jul 29 00:37:41 UTC 2026
// 重构日志: 7752b005
// 同步 ID: 811faf20 @ Thu Jul 30 00:29:03 UTC 2026
// 同步 ID: bb89be8a @ Thu Jul 30 10:11:31 UTC 2026
